[    0.000000] Initializing cgroup subsys cpuset
[    0.000000] Initializing cgroup subsys cpu
[    0.000000] Initializing cgroup subsys cpuacct
[    0.000000] Linux version 4.4.0-119-generic (buildd@lcy01-amd64-013) (gcc version 5.4.0 20160609 (Ubuntu 5.4.0-6ubuntu1~16.04.9) ) #143-Ubuntu SMP Mon Apr 2 16:08:24 UTC 2018 (Ubuntu 4.4.0-119.143-generic 4.4.114)
[    0.000000] Command line: BOOT_IMAGE=/boot/vmlinuz-4.4.0-119-generic root=LABEL=cloudimg-rootfs ro console=tty1 console=ttyS0
[    0.000000] KERNEL supported cpus:
[    0.000000]   Intel GenuineIntel
[    0.000000]   AMD AuthenticAMD
[    0.000000]   Centaur CentaurHauls
[    0.000000] x86/fpu: xstate_offset[2]:  576, xstate_sizes[2]:  256
[    0.000000] x86/fpu: Supporting XSAVE feature 0x01: 'x87 floating point registers'
[    0.000000] x86/fpu: Supporting XSAVE feature 0x02: 'SSE registers'
[    0.000000] x86/fpu: Supporting XSAVE feature 0x04: 'AVX registers'
[    0.000000] x86/fpu: Enabled xstate features 0x7, context size is 832 bytes, using 'standard' format.
[    0.000000] x86/fpu: Using 'lazy' FPU context switches.
[    0.000000] e820: BIOS-provided physical RAM map:
[    0.000000] BIOS-e820: [mem 0x0000000000000000-0x000000000009fbff] usable
[    0.000000] BIOS-e820: [mem 0x000000000009fc00-0x000000000009ffff] reserved
[    0.000000] BIOS-e820: [mem 0x00000000000f0000-0x00000000000fffff] reserved
[    0.000000] BIOS-e820: [mem 0x0000000000100000-0x000000003ffeffff] usable
[    0.000000] BIOS-e820: [mem 0x000000003fff0000-0x000000003fffffff] ACPI data
[    0.000000] BIOS-e820: [mem 0x00000000fec00000-0x00000000fec00fff] reserved
[    0.000000] BIOS-e820: [mem 0x00000000fee00000-0x00000000fee00fff] reserved
[    0.000000] BIOS-e820: [mem 0x00000000fffc0000-0x00000000ffffffff] reserved
[    0.000000] NX (Execute Disable) protection: active
[    0.000000] SMBIOS 2.5 present.
[    0.000000] Hypervisor detected: KVM
[    0.000000] Kernel/User page tables isolation: disabled
[    0.000000] e820: last_pfn = 0x3fff0 max_arch_pfn = 0x400000000
[    0.000000] MTRR: Disabled
[    0.000000] x86/PAT: MTRRs disabled, skipping PAT initialization too.
[    0.000000] CPU MTRRs all blank - virtualized system.
[    0.000000] x86/PAT: Configuration [0-7]: WB  WT  UC- UC  WB  WT  UC- UC  
[    0.000000] found SMP MP-table at [mem 0x0009fff0-0x0009ffff] mapped at [ffff88000009fff0]
[    0.000000] Scanning 1 areas for low memory corruption
[    0.000000] RAMDISK: [mem 0x361cc000-0x370ddfff]
[    0.000000] ACPI: Early table checksum verification disabled
[    0.000000] ACPI: RSDP 0x00000000000E0000 000024 (v02 VBOX  )
[    0.000000] ACPI: XSDT 0x000000003FFF0030 00003C (v01 VBOX   VBOXXSDT 00000001 ASL  00000061)
[    0.000000] ACPI: FACP 0x000000003FFF00F0 0000F4 (v04 VBOX   VBOXFACP 00000001 ASL  00000061)
[    0.000000] ACPI: DSDT 0x000000003FFF0470 0021FF (v02 VBOX   VBOXBIOS 00000002 INTL 20160108)
[    0.000000] ACPI: FACS 0x000000003FFF0200 000040
[    0.000000] ACPI: FACS 0x000000003FFF0200 000040
[    0.000000] ACPI: APIC 0x000000003FFF0240 00005C (v02 VBOX   VBOXAPIC 00000001 ASL  00000061)
[    0.000000] ACPI: SSDT 0x000000003FFF02A0 0001CC (v01 VBOX   VBOXCPUT 00000002 INTL 20160108)
[    0.000000] No NUMA configuration found
[    0.000000] Faking a node at [mem 0x0000000000000000-0x000000003ffeffff]
[    0.000000] NODE_DATA(0) allocated [mem 0x3ffeb000-0x3ffeffff]
[    0.000000] kvm-clock: Using msrs 4b564d01 and 4b564d00
[    0.000000] kvm-clock: cpu 0, msr 0:3ffe3001, primary cpu clock
[    0.000000] kvm-clock: using sched offset of 4425558987 cycles
[    0.000000] clocksource: kvm-clock: mask: 0xffffffffffffffff max_cycles: 0x1cd42e4dffb, max_idle_ns: 881590591483 ns
[    0.000000] Zone ranges:
[    0.000000]   DMA      [mem 0x0000000000001000-0x0000000000ffffff]
[    0.000000]   DMA32    [mem 0x0000000001000000-0x000000003ffeffff]
[    0.000000]   Normal   empty
[    0.000000]   Device   empty
[    0.000000] Movable zone start for each node
[    0.000000] Early memory node ranges
[    0.000000]   node   0: [mem 0x0000000000001000-0x000000000009efff]
[    0.000000]   node   0: [mem 0x0000000000100000-0x000000003ffeffff]
[    0.000000] Initmem setup node 0 [mem 0x0000000000001000-0x000000003ffeffff]
[    0.000000] ACPI: PM-Timer IO Port: 0x4008
[    0.000000] IOAPIC[0]: apic_id 2, version 32, address 0xfec00000, GSI 0-23
[    0.000000] ACPI: INT_SRC_OVR (bus 0 bus_irq 0 global_irq 2 dfl dfl)
[    0.000000] ACPI: INT_SRC_OVR (bus 0 bus_irq 9 global_irq 9 high level)
[    0.000000] Using ACPI (MADT) for SMP configuration information
[    0.000000] smpboot: Allowing 2 CPUs, 0 hotplug CPUs
[    0.000000] PM: Registered nosave memory: [mem 0x00000000-0x00000fff]
[    0.000000] PM: Registered nosave memory: [mem 0x0009f000-0x0009ffff]
[    0.000000] PM: Registered nosave memory: [mem 0x000a0000-0x000effff]
[    0.000000] PM: Registered nosave memory: [mem 0x000f0000-0x000fffff]
[    0.000000] e820: [mem 0x40000000-0xfebfffff] available for PCI devices
[    0.000000] Booting paravirtualized kernel on KVM
[    0.000000] clocksource: refined-jiffies: mask: 0xffffffff max_cycles: 0xffffffff, max_idle_ns: 7645519600211568 ns
[    0.000000] setup_percpu: NR_CPUS:512 nr_cpumask_bits:512 nr_cpu_ids:2 nr_node_ids:1
[    0.000000] PERCPU: Embedded 34 pages/cpu @ffff88003fc00000 s99544 r8192 d31528 u1048576
[    0.000000] PV qspinlock hash table entries: 256 (order: 0, 4096 bytes)
[    0.000000] Built 1 zonelists in Node order, mobility grouping on.  Total pages: 257912
[    0.000000] Policy zone: DMA32
[    0.000000] Kernel command line: BOOT_IMAGE=/boot/vmlinuz-4.4.0-119-generic root=LABEL=cloudimg-rootfs ro console=tty1 console=ttyS0
[    0.000000] PID hash table entries: 4096 (order: 3, 32768 bytes)
[    0.000000] Memory: 997092K/1048120K available (8532K kernel code, 1313K rwdata, 3996K rodata, 1508K init, 1316K bss, 51028K reserved, 0K cma-reserved)
[    0.000000] SLUB: HWalign=64, Order=0-3, MinObjects=0, CPUs=2, Nodes=1
[    0.000000] Hierarchical RCU implementation.
[    0.000000] 	Build-time adjustment of leaf fanout to 64.
[    0.000000] 	RCU restricting CPUs from NR_CPUS=512 to nr_cpu_ids=2.
[    0.000000] RCU: Adjusting geometry for rcu_fanout_leaf=64, nr_cpu_ids=2
[    0.000000] NR_IRQS:33024 nr_irqs:440 16
[    0.000000] Console: colour VGA+ 80x25
[    0.000000] console [tty1] enabled
[    0.000000] console [ttyS0] enabled
[    0.000000] tsc: Detected 1996.254 MHz processor
[    0.000000] tsc: Marking TSC unstable due to TSCs unsynchronized
[    0.012000] Calibrating delay loop (skipped) preset value.. 3992.50 BogoMIPS (lpj=7985016)
[    0.016025] pid_max: default: 32768 minimum: 301
[    0.020046] ACPI: Core revision 20150930
[    0.027240] ACPI: 2 ACPI AML tables successfully acquired and loaded
[    0.032082] Security Framework initialized
[    0.036022] Yama: becoming mindful.
[    0.039136] AppArmor: AppArmor initialized
[    0.040262] Dentry cache hash table entries: 131072 (order: 8, 1048576 bytes)
[    0.044633] Inode-cache hash table entries: 65536 (order: 7, 524288 bytes)
[    0.049307] Mount-cache hash table entries: 2048 (order: 2, 16384 bytes)
[    0.052050] Mountpoint-cache hash table entries: 2048 (order: 2, 16384 bytes)
[    0.056406] Initializing cgroup subsys io
[    0.060037] Initializing cgroup subsys memory
[    0.064059] Initializing cgroup subsys devices
[    0.068033] Initializing cgroup subsys freezer
[    0.072040] Initializing cgroup subsys net_cls
[    0.075722] Initializing cgroup subsys perf_event
[    0.076036] Initializing cgroup subsys net_prio
[    0.080052] Initializing cgroup subsys hugetlb
[    0.084033] Initializing cgroup subsys pids
[    0.088243] FEATURE SPEC_CTRL Not Present
[    0.096012] FEATURE IBPB Not Present
[    0.098769] Disabling indirect branch predictor support
[    0.100029] CPU: Physical Processor ID: 0
[    0.104022] CPU: Processor Core ID: 0
[    0.117828] mce: CPU supports 0 MCE banks
[    0.120071] Last level iTLB entries: 4KB 512, 2MB 8, 4MB 4
[    0.124023] Last level dTLB entries: 4KB 512, 2MB 256, 4MB 128, 1GB 0
[    0.132017] Spectre V2 mitigation: LFENCE not serializing. Switching to generic retpoline
[    0.136023] Spectre V2 mitigation: Mitigation: Full generic retpoline
[    0.140025] Spectre V2 mitigation: Speculation control IBPB not-supported IBRS not-supported
[    0.144024] Spectre V2 mitigation: Filling RSB on context switch
[    0.160397] Freeing SMP alternatives memory: 32K
[    0.190380] ftrace: allocating 32195 entries in 126 pages
[    0.236165] smpboot: APIC(0) Converting physical 0 to logical package 0
[    0.240026] smpboot: Max logical packages: 1
[    0.244783] x2apic enabled
[    0.248028] Switched APIC routing to physical x2apic.
[    0.254899] ..TIMER: vector=0x30 apic1=0 pin1=2 apic2=-1 pin2=-1
[    0.260000] smpboot: CPU0: AMD A8-6410 APU with AMD Radeon R5 Graphics (family: 0x16, model: 0x30, stepping: 0x1)
[    0.276013] Performance Events: Broken PMU hardware detected, using software events only.
[    0.280019] Failed to access perfctr msr (MSR c0010007 is 0)
[    0.284112] KVM setup paravirtual spinlock
[    0.289637] x86: Booting SMP configuration:
[    0.292019] .... node  #0, CPUs:      #1
[    0.012000] kvm-clock: cpu 1, msr 0:3ffe3041, secondary cpu clock
[    0.012000] mce: CPU supports 0 MCE banks
[    0.408344] x86: Booted up 1 node, 2 CPUs
[    0.412023] smpboot: Total of 2 processors activated (7985.01 BogoMIPS)
[    0.420117] devtmpfs: initialized
[    0.533546] evm: security.selinux
[    0.588021] evm: security.SMACK64
[    0.592018] evm: security.SMACK64EXEC
[    0.596018] evm: security.SMACK64TRANSMUTE
[    0.600019] evm: security.SMACK64MMAP
[    0.608013] evm: security.ima
[    0.610392] evm: security.capability
[    0.628193] clocksource: jiffies: mask: 0xffffffff max_cycles: 0xffffffff, max_idle_ns: 7645041785100000 ns
[    0.720083] futex hash table entries: 512 (order: 3, 32768 bytes)
[    0.734115] pinctrl core: initialized pinctrl subsystem
[    0.736378] RTC time: 16:33:55, date: 04/15/18
[    0.740665] NET: Registered protocol family 16
[    0.756808] cpuidle: using governor ladder
[    0.796023] cpuidle: using governor menu
[    0.799667] PCCT header not found.
[    0.804667] ACPI: bus type PCI registered
[    0.808019] acpiphp: ACPI Hot Plug PCI Controller Driver version: 0.5
[    0.916290] PCI: Using configuration type 1 for base access
[    1.124018] PCI: Using configuration type 1 for extended access
[    1.328203] ACPI: Added _OSI(Module Device)
[    1.332028] ACPI: Added _OSI(Processor Device)
[    1.336023] ACPI: Added _OSI(3.0 _SCP Extensions)
[    1.340022] ACPI: Added _OSI(Processor Aggregator Device)
[    1.345668] ACPI: Executed 1 blocks of module-level executable AML code
[    1.362233] ACPI: Interpreter enabled
[    1.364055] ACPI: (supports S0 S5)
[    1.368021] ACPI: Using IOAPIC for interrupt routing
[    1.372620] PCI: Using host bridge windows from ACPI; if necessary, use "pci=nocrs" and report a bug
[    1.388958] ACPI: PCI Root Bridge [PCI0] (domain 0000 [bus 00-ff])
[    1.392041] acpi PNP0A03:00: _OSC: OS supports [ExtendedConfig ASPM ClockPM Segments MSI]
[    1.396155] acpi PNP0A03:00: _OSC: OS now controls [PCIeHotplug PME AER PCIeCapability]
[    1.404482] PCI host bridge to bus 0000:00
[    1.408027] pci_bus 0000:00: root bus resource [io  0x0000-0x0cf7 window]
[    1.412027] pci_bus 0000:00: root bus resource [io  0x0d00-0xffff window]
[    1.416025] pci_bus 0000:00: root bus resource [mem 0x000a0000-0x000bffff window]
[    1.420029] pci_bus 0000:00: root bus resource [mem 0x40000000-0xffdfffff window]
[    1.424035] pci_bus 0000:00: root bus resource [bus 00-ff]
[    1.433511] pci 0000:00:01.1: legacy IDE quirk: reg 0x10: [io  0x01f0-0x01f7]
[    1.436028] pci 0000:00:01.1: legacy IDE quirk: reg 0x14: [io  0x03f6]
[    1.440041] pci 0000:00:01.1: legacy IDE quirk: reg 0x18: [io  0x0170-0x0177]
[    1.444021] pci 0000:00:01.1: legacy IDE quirk: reg 0x1c: [io  0x0376]
[    1.508000] pci 0000:00:07.0: quirk: [io  0x4000-0x403f] claimed by PIIX4 ACPI
[    1.508043] pci 0000:00:07.0: quirk: [io  0x4100-0x410f] claimed by PIIX4 SMB
[    1.542696] ACPI: PCI Interrupt Link [LNKA] (IRQs 5 9 10 *11)
[    1.550373] ACPI: PCI Interrupt Link [LNKB] (IRQs 5 9 10 *11)
[    1.561028] ACPI: PCI Interrupt Link [LNKC] (IRQs 5 9 *10 11)
[    1.576899] ACPI: PCI Interrupt Link [LNKD] (IRQs 5 *9 10 11)
[    1.596970] ACPI: Enabled 2 GPEs in block 00 to 07
[    1.600549] vgaarb: setting as boot device: PCI:0000:00:02.0
[    1.604000] vgaarb: device added: PCI:0000:00:02.0,decodes=io+mem,owns=io+mem,locks=none
[    1.604024] vgaarb: loaded
[    1.608041] vgaarb: bridge control possible 0000:00:02.0
[    1.616268] SCSI subsystem initialized
[    1.624138] ACPI: bus type USB registered
[    1.628124] usbcore: registered new interface driver usbfs
[    1.632074] usbcore: registered new interface driver hub
[    1.636105] usbcore: registered new device driver usb
[    1.640269] PCI: Using ACPI for IRQ routing
[    1.644572] NetLabel: Initializing
[    1.648014] NetLabel:  domain hash size = 128
[    1.652018] NetLabel:  protocols = UNLABELED CIPSOv4
[    1.656085] NetLabel:  unlabeled traffic allowed by default
[    1.660284] amd_nb: Cannot enumerate AMD northbridges
[    1.668033] clocksource: Switched to clocksource kvm-clock
[    1.795520] AppArmor: AppArmor Filesystem Enabled
[    1.910988] pnp: PnP ACPI init
[    1.990839] pnp: PnP ACPI: found 3 devices
[    2.113388] clocksource: acpi_pm: mask: 0xffffff max_cycles: 0xffffff, max_idle_ns: 2085701024 ns
[    2.339802] NET: Registered protocol family 2
[    2.460587] TCP established hash table entries: 8192 (order: 4, 65536 bytes)
[    2.651485] TCP bind hash table entries: 8192 (order: 5, 131072 bytes)
[    2.840099] TCP: Hash tables configured (established 8192 bind 8192)
[    3.016806] UDP hash table entries: 512 (order: 2, 16384 bytes)
[    3.177918] UDP-Lite hash table entries: 512 (order: 2, 16384 bytes)
[    3.335523] NET: Registered protocol family 1
[    3.441850] pci 0000:00:00.0: Limiting direct PCI/PCI transfers
[    3.605226] pci 0000:00:01.0: Activating ISA DMA hang workarounds
[    3.781408] Unpacking initramfs...
[    4.328210] Freeing initrd memory: 15432K
[    4.431271] clocksource: tsc: mask: 0xffffffffffffffff max_cycles: 0x398cb6bed17, max_idle_ns: 881590510434 ns
[    4.653738] platform rtc_cmos: registered platform RTC device (no PNP device found)
[    4.836108] Scanning for low memory corruption every 60 seconds
[    4.908493] audit: initializing netlink subsys (disabled)
[    4.913207] audit: type=2000 audit(1523810043.038:1): initialized
[    4.919204] Initialise system trusted keyring
[    4.924059] HugeTLB registered 2 MB page size, pre-allocated 0 pages
[    4.932911] zbud: loaded
[    4.970836] VFS: Disk quotas dquot_6.6.0
[    5.042994] VFS: Dquot-cache hash table entries: 512 (order 0, 4096 bytes)
[    5.051192] squashfs: version 4.0 (2009/01/31) Phillip Lougher
[    5.071545] fuse init (API version 7.23)
[    5.079165] Key type big_key registered
[    5.091816] Allocating IMA MOK and blacklist keyrings.
[    5.100408] Key type asymmetric registered
[    5.130532] Asymmetric key parser 'x509' registered
[    5.175087] Block layer SCSI generic (bsg) driver version 0.4 loaded (major 249)
[    5.181634] io scheduler noop registered
[    5.191610] io scheduler deadline registered (default)
[    5.201551] io scheduler cfq registered
[    5.257731] pci_hotplug: PCI Hot Plug PCI Core version: 0.5
[    5.357783] pciehp: PCI Express Hot Plug Controller Driver version: 0.4
[    5.472633] ACPI: AC Adapter [AC] (on-line)
[    5.512757] input: Power Button as /devices/LNXSYSTM:00/LNXPWRBN:00/input/input0
[    5.593999] ACPI: Power Button [PWRF]
[    5.657163] input: Sleep Button as /devices/LNXSYSTM:00/LNXSLPBN:00/input/input1
[    5.762526] ACPI: Sleep Button [SLPF]
[    5.845584] ACPI: Battery Slot [BAT0] (battery present)
[    5.951470] GHES: HEST is not enabled!
[    6.031708] Serial: 8250/16550 driver, 32 ports, IRQ sharing enabled
ÿ[    6.173203] 00:02: ttyS0 at I/O 0x3f8 (irq = 4, base_baud = 115200) is a 16550A
[    6.367950] Linux agpgart interface v0.103
[    6.447123] loop: module loaded
[    6.462374] scsi host0: ata_piix
[    6.509024] scsi host1: ata_piix
[    6.558159] ata1: PATA max UDMA/33 cmd 0x1f0 ctl 0x3f6 bmdma 0xd000 irq 14
[    6.711589] ata2: PATA max UDMA/33 cmd 0x170 ctl 0x376 bmdma 0xd008 irq 15
[    6.893449] libphy: Fixed MDIO Bus: probed
[    7.002973] tun: Universal TUN/TAP device driver, 1.6
[    7.136793] tun: (C) 1999-2004 Max Krasnyansky <maxk@qualcomm.com>
[    7.306517] PPP generic driver version 2.4.2
[    7.397217] ehci_hcd: USB 2.0 'Enhanced' Host Controller (EHCI) Driver
[    7.562009] ehci-pci: EHCI PCI platform driver
[    7.638702] ehci-platform: EHCI generic platform driver
[    7.660952] ohci_hcd: USB 1.1 'Open' Host Controller (OHCI) Driver
[    7.677575] ohci-pci: OHCI PCI platform driver
[    7.769564] ohci-platform: OHCI generic platform driver
[    7.911206] uhci_hcd: USB Universal Host Controller Interface driver
[    8.071871] i8042: PNP: PS/2 Controller [PNP0303:PS2K,PNP0f03:PS2M] at 0x60,0x64 irq 1,12
[    8.286949] serio: i8042 KBD port at 0x60,0x64 irq 1
[    8.409022] serio: i8042 AUX port at 0x60,0x64 irq 12
[    8.531702] mousedev: PS/2 mouse device common for all mice
[    8.617998] input: AT Translated Set 2 keyboard as /devices/platform/i8042/serio0/input/input2
[    8.625857] rtc_cmos rtc_cmos: rtc core: registered rtc_cmos as rtc0
[    8.626036] rtc_cmos rtc_cmos: alarms up to one day, 114 bytes nvram
[    8.626057] i2c /dev entries driver
[    8.626264] device-mapper: uevent: version 1.0.3
[    8.626426] device-mapper: ioctl: 4.34.0-ioctl (2015-10-28) initialised: dm-devel@redhat.com
[    8.626464] ledtrig-cpu: registered to indicate activity on CPUs
[    8.627174] NET: Registered protocol family 10
[    8.627541] NET: Registered protocol family 17
[    8.627579] Key type dns_resolver registered
[    8.628309] registered taskstats version 1
[    8.628335] Loading compiled-in X.509 certificates
[    8.629969] Loaded X.509 cert 'Build time autogenerated kernel key: f854e06633b5f496ced5b2e02c7b14f761b69302'
[    8.630030] zswap: loaded using pool lzo/zbud
[    8.635031] Key type trusted registered
[    8.645700] Key type encrypted registered
[    8.645715] AppArmor: AppArmor sha1 policy hashing enabled
[    8.645721] ima: No TPM chip found, activating TPM-bypass!
[    8.645789] evm: HMAC attrs: 0x1
[    8.646249]   Magic number: 14:839:590
[    8.720686] rtc_cmos rtc_cmos: setting system clock to 2018-04-15 16:34:05 UTC (1523810045)
[    8.720997] BIOS EDD facility v0.16 2004-Jun-25, 0 devices found
[    8.720998] EDD information not available.
[    9.002636] Freeing unused kernel memory: 1508K
[    9.018073] Write protecting the kernel read-only data: 14336k
[    9.027835] Freeing unused kernel memory: 1696K
[    9.038028] Freeing unused kernel memory: 100K
Loading, please wait...
starting version 229
[    9.117583] random: systemd-udevd: uninitialized urandom read (16 bytes read, 3 bits of entropy available)
[    9.129769] random: udevadm: uninitialized urandom read (16 bytes read, 3 bits of entropy available)
[    9.129914] random: udevadm: uninitialized urandom read (16 bytes read, 3 bits of entropy available)
[    9.166801] random: systemd-udevd: uninitialized urandom read (16 bytes read, 3 bits of entropy available)
[    9.187287] random: udevadm: uninitialized urandom read (16 bytes read, 3 bits of entropy available)
[    9.187408] random: udevadm: uninitialized urandom read (16 bytes read, 3 bits of entropy available)
[    9.187790] random: udevadm: uninitialized urandom read (16 bytes read, 3 bits of entropy available)
[    9.187940] random: udevadm: uninitialized urandom read (16 bytes read, 3 bits of entropy available)
[    9.188075] random: udevadm: uninitialized urandom read (16 bytes read, 3 bits of entropy available)
[    9.188320] random: udevadm: uninitialized urandom read (16 bytes read, 3 bits of entropy available)
[    9.769353] e1000: Intel(R) PRO/1000 Network Driver - version 7.3.21-k8-NAPI
[    9.781247] e1000: Copyright (c) 1999-2006 Intel Corporation.
[    9.817431] Fusion MPT base driver 3.04.20
[    9.872327] Copyright (c) 1999-2008 LSI Corporation
[    9.970403] Fusion MPT SPI Host driver 3.04.20
[   10.102955] AVX version of gcm_enc/dec engaged.
[   10.106417] AES CTR mode by8 optimization enabled
[   10.131163] input: ImExPS/2 Generic Explorer Mouse as /devices/platform/i8042/serio1/input/input4
[   10.414960] e1000 0000:00:03.0 eth0: (PCI:33MHz:32-bit) 02:1b:e7:ca:c1:c0
[   10.533127] e1000 0000:00:03.0 eth0: Intel(R) PRO/1000 Network Connection
[   10.644214] mptbase: ioc0: Initiating bringup
[   10.828599] ioc0: LSI53C1030 A0: Capabilities={Initiator}
[   11.003348] scsi host2: ioc0: LSI53C1030 A0, FwRev=00000000h, Ports=1, MaxQ=256, IRQ=20
[   11.133406] scsi 2:0:0:0: Direct-Access     VBOX     HARDDISK         1.0  PQ: 0 ANSI: 5
[   11.161393] scsi target2:0:0: Beginning Domain Validation
[   11.175886] scsi target2:0:0: Domain Validation skipping write tests
[   11.180927] scsi target2:0:0: Ending Domain Validation
[   11.184942] scsi target2:0:0: asynchronous
[   11.220634] scsi 2:0:1:0: Direct-Access     VBOX     HARDDISK         1.0  PQ: 0 ANSI: 5
[   11.232152] scsi target2:0:1: Beginning Domain Validation
[   11.238406] scsi target2:0:1: Domain Validation skipping write tests
[   11.278763] scsi target2:0:1: Ending Domain Validation
[   11.328541] scsi target2:0:1: asynchronous
[   11.354444] sd 2:0:0:0: Attached scsi generic sg0 type 0
[   11.387713] sd 2:0:1:0: Attached scsi generic sg1 type 0
[   11.394425] sd 2:0:0:0: [sda] 20971520 512-byte logical blocks: (10.7 GB/10.0 GiB)
[   11.402019] sd 2:0:1:0: [sdb] 20480 512-byte logical blocks: (10.5 MB/10.0 MiB)
[   11.410872] sd 2:0:0:0: [sda] Write Protect is off
[   11.531505] sd 2:0:0:0: [sda] Incomplete mode parameter data
[   11.618949] e1000 0000:00:08.0 eth1: (PCI:33MHz:32-bit) 08:00:27:53:08:b4
[   11.618959] e1000 0000:00:08.0 eth1: Intel(R) PRO/1000 Network Connection
[   11.797659] e1000 0000:00:03.0 enp0s3: renamed from eth0
[   12.022708] sd 2:0:0:0: [sda] Assuming drive cache: write through
[   12.022772] sd 2:0:1:0: [sdb] Write Protect is off
[   12.204001] sd 2:0:1:0: [sdb] Incomplete mode parameter data
[   12.301367] sd 2:0:1:0: [sdb] Assuming drive cache: write through
[   12.353143] e1000 0000:00:08.0 enp0s8: renamed from eth1
[   12.366293]  sda: sda1
[   12.397044] sd 2:0:0:0: [sda] Attached SCSI disk
[   12.398797] sd 2:0:1:0: [sdb] Attached SCSI disk
[   12.788643] floppy0: no floppy controllers found
Begin: Loading e[   14.845428] md: linear personality registered for level -1
ssential drivers[   14.927015] md: multipath personality registered for level -4
 ... [   14.978872] md: raid0 personality registered for level 0
[   15.010494] md: raid1 personality registered for level 1
[   15.096226] raid6: sse2x1   gen()   509 MB/s
[   15.216175] raid6: sse2x1   xor()  1759 MB/s
[   15.300193] raid6: sse2x2   gen()   939 MB/s
[   15.432135] raid6: sse2x2   xor()  2746 MB/s
[   15.560066] raid6: sse2x4   gen()  1312 MB/s
[   15.712072] raid6: sse2x4   xor()  2485 MB/s
[   15.773208] raid6: using algorithm sse2x4 gen() 1312 MB/s
[   15.874394] raid6: .... xor() 2485 MB/s, rmw enabled
[   15.958635] raid6: using ssse3x2 recovery algorithm
[   16.064998] xor: automatically using best checksumming function:
[   16.224087]    avx       :  5847.000 MB/sec
[   16.327999] async_tx: api initialized (async)
[   16.411874] md: raid6 personality registered for level 6
[   16.477364] md: raid5 personality registered for level 5
[   16.544966] md: raid4 personality registered for level 4
[   16.650508] md: raid10 personality registered for level 10
done.
Begin: Running /scripts/init-premount ... done.
Begin: Mounting root file system ... Beg[   16.824663] Btrfs loaded
in: Running /scripts/local-top ... done.
Begin: Running /scripts/local-premount ... Scanning for Btrfs filesystems
done.
Warning: fsck not present, so skipping root file system
[   17.014029] EXT4-fs (sda1): mounted filesystem with ordered data mode. Opts: (null)
done.
Begin: Running /scripts/local-bottom ... done.
Begin: Running /scripts/init-bottom ... done.
[   17.922209] systemd[1]: systemd 229 running in system mode. (+PAM +AUDIT +SELINUX +IMA +APPARMOR +SMACK +SYSVINIT +UTMP +LIBCRYPTSETUP +GCRYPT +GNUTLS +ACL +XZ -LZ4 +SECCOMP +BLKID +ELFUTILS +KMOD -IDN)
[   18.227058] systemd[1]: Detected virtualization oracle.
[   18.313210] systemd[1]: Detected architecture x86-64.
[   18.405405] random: nonblocking pool is initialized

Welcome to [1mUbuntu 16.04.4 LTS[0m!

[   18.567674] systemd[1]: Set hostname to <ruby-vagrant>.
[   20.045111] systemd[1]: Listening on Syslog Socket.
[[0;32m  OK  [0m] Listening on Syslog Socket.
[   20.116635] systemd[1]: Reached target Encrypted Volumes.
[[0;32m  OK  [0m] Reached target Encrypted Volumes.
[   20.288719] systemd[1]: Listening on LVM2 poll daemon socket.
[[0;32m  OK  [0m] Listening on LVM2 poll daemon socket.
[   20.552585] systemd[1]: Listening on Journal Socket (/dev/log).
[[0;32m  OK  [0m] Listening on Journal Socket (/dev/log).
[   20.852740] systemd[1]: Listening on udev Kernel Socket.
[[0;32m  OK  [0m] Listening on udev Kernel Socket.
[   21.100840] systemd[1]: Listening on udev Control Socket.
[[0;32m  OK  [0m] Listening on udev Control Socket.
[   21.344530] systemd[1]: Listening on multipathd control socket.
[[0;32m  OK  [0m] Listening on multipathd control socket.
[   21.520728] systemd[1]: Listening on Device-mapper event daemon FIFOs.
[[0;32m  OK  [0m] Listening on Device-mapper event daemon FIFOs.
[   21.593795] systemd[1]: Created slice System Slice.
[[0;32m  OK  [0m] Created slice System Slice.
[   21.798701] systemd[1]: Created slice system-serial\x2dgetty.slice.
[[0;32m  OK  [0m] Created slice system-serial\x2dgetty.slice.
[   22.081820] systemd[1]: Reached target User and Group Name Lookups.
[[0;32m  OK  [0m] Reached target User and Group Name Lookups.
[   22.385707] systemd[1]: Created slice User and Session Slice.
[[0;32m  OK  [0m] Created slice User and Session Slice.
[   22.672937] systemd[1]: Listening on Journal Audit Socket.
[[0;32m  OK  [0m] Listening on Journal Audit Socket.
[   22.796602] systemd[1]: Started Forward Password Requests to Wall Directory Watch.
[[0;32m  OK  [0m] Started Forward Password Requests to Wall Directory Watch.
[   23.161132] systemd[1]: Set up automount Arbitrary Executable File Formats File System Automount Point.
[[0;32m  OK  [0m] Set up automount Arbitrary Executab...ats File System Automount Point.
[   23.720901] systemd[1]: Started Trigger resolvconf update for networkd DNS.
[[0;32m  OK  [0m] Started Trigger resolvconf update for networkd DNS.
[   24.064918] systemd[1]: Reached target System Time Synchronized.
[[0;32m  OK  [0m] Reached target System Time Synchronized.
[   24.268799] systemd[1]: Listening on Journal Socket.
[[0;32m  OK  [0m] Listening on Journal Socket.
[   24.420634] systemd[1]: Mounting POSIX Message Queue File System...
         Mounting POSIX Message Queue File System...
[   24.640598] systemd[1]: Starting Device-Mapper Multipath Device Controller...
[   24.727239] device-mapper: multipath: version 1.10.0 loaded
         Starting Device-Mapper Multipath Device Controller...
[   24.828161] systemd[1]: Starting Remount Root and Kernel File Systems...
         [   24.917466] EXT4-fs (sda1): re-mounted. Opts: (null)
Starting Remount Root and Kernel File Systems...
[   25.084853] systemd[1]: Starting Set console keymap...
         Starting Set console keymap...
[   25.224471] systemd[1]: Mounting Debug File System...
         Mounting Debug File System...
[   25.368679] systemd[1]: Starting Load Kernel Modules...
         Starting Load Kernel Modules...
[   25.453724] systemd[1]: Starting Journal Service...
         Startin[   25.525332] Loading iSCSI transport class v2.0-870.
g Journal Service...
[   25.629550] systemd[1]: Mounting Huge Pages File System...
         Mountin[   25.655692] iscsi: registered transport (tcp)
g Huge Pages File System...
[   25.756857] systemd[1]: Listening on /dev/initctl Compatibility Named Pipe.
[[0;32m  OK  [0m] Listening on /dev/initctl Compatibility Named[   25.826424] iscsi: registered transport (iser)
 Pipe.
[   25.924579] systemd[1]: Listening on LVM2 metadata daemon socket.
[[0;32m  OK  [0m] Listening on LVM2 metadata daemon socket.
[   26.030292] systemd[1]: Starting Monitoring of LVM2 mirrors, snapshots etc. using dmeventd or progress polling...
         Starting Monitoring of LVM2 mirrors... dmeventd or progress polling...
[   26.113916] systemd[1]: Reached target Slices.
[[0;32m  OK  [0m] Reached target Slices.
[   26.164669] systemd[1]: Starting Nameserver information manager...
         Starting Nameserver information manager...
[   26.246025] systemd[1]: Starting Create list of required static device nodes for the current kernel...
         Starting Create list of required st... nodes for the current kernel...
[   26.356686] systemd[1]: Reached target Swap.
[[0;32m  OK  [0m] Reached target Swap.
[   26.464981] systemd[1]: Starting Uncomplicated firewall...
         Starting Uncomplicated firewall...
[   26.491216] systemd[1]: Mounted POSIX Message Queue File System.
[[0;32m  OK  [0m] Mounted POSIX Message Queue File System.
[   26.660615] systemd[1]: Mounted Huge Pages File System.
[[0;32m  OK  [0m] Mounted Huge Pages File System.
[   26.832822] systemd[1]: Mounted Debug File System.
[[0;32m  OK  [0m] Mounted Debug File System.
[   27.108844] systemd[1]: Started Journal Service.
[[0;32m  OK  [0m] Started Journal Service.
[[0;32m  OK  [0m] Started Remount Root and Kernel File Systems.
[[0;32m  OK  [0m] Started Set console keymap.
[[0;32m  OK  [0m] Started Load Kernel Modules.
[[0;32m  OK  [0m] Started Create list of required sta...ce nodes for the current kernel.
[[0;32m  OK  [0m] Started Uncomplicated firewall.
[[0;32m  OK  [0m] Started Nameserver information manager.
[[0;32m  OK  [0m] Started Device-Mapper Multipath Device Controller.
[[0;32m  OK  [0m] Started LVM2 metadata daemon.
         Starting Create Static Device Nodes in /dev...
         Mounting FUSE Control File System...
         Starting Apply Kernel Variables...
         Starting Load/Save Random Seed...
         Starting Initial cloud-init job (pre-networking)...
         Starting udev Coldplug all Devices...
         Starting Flush Journal to Persistent Storage...
[[0;32m  OK  [0m] Mounted FUSE Control File System.
[[0;32m  OK  [0m] Started Create Static Device Nodes in /dev.
[[0;32m  OK  [0m] Started Apply Kernel Variables.
[[0;32m  OK  [0m] Started Monitoring of LVM2 mirrors,...ng dmeventd or progress polling.
[[0;32m  OK  [0m] Started Load/Save Random Seed.
[[0;32m  OK  [0m] Started udev Coldplug all Devices.
[[0;32m  OK  [0m] Started Flush Journal to Persistent Storage.
         Starting udev Kernel Device Manager...
[[0;32m  OK  [0m] Started udev Kernel Device Manager.
[[0;32m  OK  [0m] Started Dispatch Password Requests to Console Directory Watch.
[[0;32m  OK  [0m] Reached target Local File Systems (Pre).
[[0;32m  OK  [0m] Reached target Local File Systems.
         Starting LSB: AppArmor initialization...
         Starting Set console font and keymap...
         Starting Tell Plymouth To Write Out Runtime Data...
         Starting Create Volatile Files and Directories...
[[0;32m  OK  [0m] Started Tell Plymouth To Write Out Runtime Data.
[[0;32m  OK  [0m] Found device /dev/ttyS0.
[[0;32m  OK  [0m] Started Create Volatile Files and Directories.
         Starting Update UTMP about System Boot/Shutdown...
[[0;32m  OK  [0m] Found device 82540EM Gigabit Ethern...r (PRO/1000 MT Desktop Adapter).
[[0;32m  OK  [0m] Started Update UTMP about System Boot/Shutdown.
[[0;32m  OK  [0m] Found device 82540EM Gigabit Ethern...r (PRO/1000 MT Desktop Adapter).
[[0;32m  OK  [0m] Started Set console font and keymap.
[[0;32m  OK  [0m] Started LSB: AppArmor initialization.
[[0;32m  OK  [0m] Listening on Load/Save RF Kill Switch Status /dev/rfkill Watch.
[[0;32m  OK  [0m] Created slice system-getty.slice.
[   35.296338] cloud-init[489]: Cloud-init v. 17.2 running 'init-local' at Sun, 15 Apr 2018 16:34:30 +0000. Up 34.11 seconds.
[[0;32m  OK  [0m] Started Initial cloud-init job (pre-networking).
[[0;32m  OK  [0m] Reached target Network (Pre).
[[0;32m  OK  [0m] Started ifup for enp0s3.
         Starting Raise network interfaces...
[[0;32m  OK  [0m] Started ifup for enp0s8.
[[0;32m  OK  [0m] Started Raise network interfaces.
         Starting Initial cloud-init job (metadata service crawler)...
[[0;32m  OK  [0m] Reached target Network.
[   38.569611] cloud-init[1096]: Cloud-init v. 17.2 running 'init' at Sun, 15 Apr 2018 16:34:34 +0000. Up 37.14 seconds.
[   38.675806] cloud-init[1096]: ci-info: +++++++++++++++++++++++++++++++++++++Net device info++++++++++++++++++++++++++++++++++++++
[   38.813148] [cloud-init[0;32m  OK  [0m[1096]: ] ci-info: +--------+------+----------------------------+---------------+-------+-------------------+Started Initial cloud-init job (metadata service crawler).

[   38.813733] cloud-init[1096]: ci-info: | Device |  Up  |          Address           |      Mask     | Scope |     Hw-Address    |
[   39.028954] [cloud-init[0;32m  OK  [0m[1096]: ] ci-info: +--------+------+----------------------------+---------------+-------+-------------------+Reached target System Initialization.

[   39.224716] [cloud-init[0;32m  OK  [0m[1096]: ] ci-info: | enp0s3 | True |         10.0.2.15          | 255.255.255.0 |   .   | 02:1b:e7:ca:c1:c0 |Listening on UUID daemon activation socket.

[   39.225368] cloud-init[1096]: ci-info: | enp0s3 | True | fe80::1b:e7ff:feca:c1c0/64 |       .       |  link | 02:1b:e7:ca:c1:c0 |
[   39.568697] cloud-init[1096]: ci-info: | enp0s8 | True |        192.168.5.32        | 255.255.255.0 |   .   | 08:00:27:53:08:b4 |
[   39.569096] cloud-init[1096]: ci-info: | enp0s8 | True | fe80::a00:27ff:fe53:8b4/64 |       .       |  link | 08:00:27:53:08:b4 |
[[0;32m  OK  [0m] Started Daily apt download activities.
[[0;32m  OK  [0m[   39.569313] ] cloud-initListening on D-Bus System Message Bus Socket.[1096]: 
ci-info: |   lo   | True |         127.0.0.1          |   255.0.0.0   |   .   |         .         |
[   40.064781] cloud-init[1096]: ci-info: |   lo   | True |          ::1/128           |       .       |  host |         .         |
[   40.205497] cloud-init[1096]: ci-info: +--------+------+----------------------------+---------------+-------+-------------------+
[   40.205839] cloud-init[1096]: ci-info: +++++++++++++++++++++++++++Route IPv4 info++++++++++++++++++++++++++++
[[0;32m  OK  [0m] Started Daily apt upgrade and clean activities.
[   40.206020] cloud-init[1096]: ci-info: +-------+-------------+----------+---------------+-----------+-------+
[   40.648749] cloud-init[1096]: ci-info: | Route | Destination | Gateway  |    Genmask    | Interface | Flags |
[[0;32m  OK  [0m] Listening on ACPID Listen Socket.
[   40.649284] cloud-init[1096]: ci-info: +-------+-------------+----------+---------------+-----------+-------+
[   40.908817] cloud-init[1096]: ci-info: |   0   |   0.0.0.0   | 10.0.2.2 |    0.0.0.0    |   enp0s3  |   UG  |
[   41.024821]          cloud-initStarting LXD - unix socket.[1096]: 
ci-info: |   1   |   10.0.2.0  | 0.0.0.0  | 255.255.255.0 |   enp0s3  |   U   |
[   41.204774]          cloud-initStarting Socket activation for snappy daemon.[1096]: 
ci-info: |   2   | 192.168.5.0 | 0.0.0.0  | 255.255.255.0 |   enp0s8  |   U   |
[   41.412910] cloud-init[1096]: ci-info: +-------+-------------+----------+---------------+-----------+-------+
[[0;32m  OK  [0m] Started Daily Cleanup of Temporary Directories.
[[0;32m  OK  [0m] Started Timer to automatically refresh installed snaps.
[[0;32m  OK  [0m] Reached target Timers.
[[0;32m  OK  [0m] Started ACPI Events Check.
[[0;32m  OK  [0m] Reached target Paths.
[[0;32m  OK  [0m] Reached target Cloud-config availability.
[[0;32m  OK  [0m] Reached target Network is Online.
         Starting iSCSI initiator daemon (iscsid)...
[[0;32m  OK  [0m] Listening on LXD - unix socket.
[[0;32m  OK  [0m] Listening on Socket activation for snappy daemon.
[[0;32m  OK  [0m] Reached target Sockets.
[[0;32m  OK  [0m] Reached target Basic System.
         Starting Accounts Service...
         Starting System Logging Service...
         Starting Virtualbox guest utils...
         Starting OpenBSD Secure Shell server...
         Starting Snappy daemon...
         Starting LSB: MD monitoring daemon...
         Starting MySQL Community Server...
         Starting /etc/rc.local Compatibility...
         Starting LSB: Record successful boot for GRUB...
         Starting Apply the settings specified in cloud-config...
[[0;32m  OK  [0m] Started Deferred execution scheduler.
[[0;32m  OK  [0m] Started Unattended Upgrades Shutdown.
         Starting LXD - container startup/shutdown...
[[0;32m  OK  [0m] Started Regular background program processing daemon.
         Starting Login Service...
[[0;32m  OK  [0m] Started ACPI event daemon.
[[0;32m  OK  [0m] Started D-Bus System Message Bus.
[[0;32m  OK  [0m] Started FUSE filesystem for LXC.
[[0;32m  OK  [0m] Started System Logging Service.
[[0;32m  OK  [0m] Started OpenBSD Secure Shell server.
[[0;32m  OK  [0m] Started iSCSI initiator daemon (iscsid).
[[0;32m  OK  [0m] Started /etc/rc.local Compatibility.
[[0;32m  OK  [0m] Started Login Service.
         Starting Authenticate and Authorize Users to Run Privileged Tasks...
         Starting Login to default iSCSI targets...
[[0;32m  OK  [0m] Started LSB: MD monitoring daemon.
[[0;32m  OK  [0m] Started LSB: Record successful boot for GRUB.
[   45.919153] cloud-init[1195]: Cloud-init v. 17.2 running 'modules:config' at Sun, 15 Apr 2018 16:34:41 +0000. Up 44.67 seconds.
[[0;32m  OK  [0m] Started Authenticate and Authorize Users to Run Privileged Tasks.
[[0;32m  OK  [0m] Started Accounts Service.
[[0;32m  OK  [0m] Started Virtualbox guest utils.
[[0;32m  OK  [0m] Started Login to default iSCSI targets.
[[0;32m  OK  [0m] Reached target Remote File Systems (Pre).
[[0;32m  OK  [0m] Reached target Remote File Systems.
         Starting Permit User Sessions...
         Starting LSB: daemon to balance interrupts for SMP systems...
         Starting LSB: automatic crash report generation...
         Starting LSB: Set the CPU Frequency Scaling governor to "ondemand"...
[[0;32m  OK  [0m] Started Apply the settings specified in cloud-config.
[[0;32m  OK  [0m] Started Permit User Sessions.
[[0;32m  OK  [0m] Started Snappy daemon.
[[0;32m  OK  [0m] Created slice User Slice of vagrant.
[[0;32m  OK  [0m] Started Session 1 of user vagrant.
         Starting User Manager for UID 1000...
         Starting Terminate Plymouth Boot Screen...
         Starting Hold until boot process finishes up...
[[0;32m  OK  [0m] Started LSB: daemon to balance interrupts for SMP systems.
[[0;32m  OK  [0m] Started LSB: automatic crash report generation.
[[0;32m  OK  [0m] Started LSB: Set the CPU Frequency Scaling governor to "ondemand".
[[0;32m  OK  [0m] Started Terminate Plymouth Boot Screen.
[[0;32m  OK  [0m] Started Hold until boot process finishes up.
[[0;32m  OK  [0m] Started User Manager for UID 1000.
[[0;32m  OK  [0m] Started LXD - container startup/shutdown.
[[0;32m  OK  [0m] Started Serial Getty on ttyS0.
         Starting Set console scheme...
[[0;32m  OK  [0m] Started Getty on tty1.
[[0;32m  OK  [0m] Reached target Login Prompts.
[[0;32m  OK  [0m] Started Set console scheme.
[[0;32m  OK  [0m] Started MySQL Community Server.
[[0;32m  OK  [0m] Reached target Multi-User System.
[[0;32m  OK  [0m] Reached target Graphical Interface.
         Starting Update UTMP about System Runlevel Changes...
         Starting Execute cloud user/final scripts...
[[0;32m  OK  [0m] Started Update UTMP about System Runlevel Changes.

Ubuntu 16.04.4 LTS ruby-vagrant ttyS0

ruby-vagrant login: [   53.950175] cloud-init[1478]: Cloud-init v. 17.2 running 'modules:final' at Sun, 15 Apr 2018 16:34:50 +0000. Up 53.37 seconds.
[   53.951851] cloud-init[1478]: Cloud-init v. 17.2 finished at Sun, 15 Apr 2018 16:34:50 +0000. Datasource DataSourceNoCloud [seed=/dev/sdb][dsmode=net].  Up 53.91 seconds
